
Release checklist (Pack 5)
================================

[1/3] Style check
Style check passed.

[2/3] Test suite
\n==> Unit tests

тФАтФА T1: computeBuyTankLevel (max-5, cap=55) тФАтФА
  тЬУ T1-1: max=6 тЖТ 1
  тЬУ T1-2: max=7 тЖТ 2
  тЬУ T1-3: max=60 тЖТ 55 (cap raised)
  тЬУ T1-4: max=1 тЖТ 1
  тЬУ T1-5: max=0 тЖТ 1
  тЬУ T1-6: max=55 тЖТ 50
  тЬУ T1-7: MAX_BUY_TANK_LEVEL constant = 55
  тЬУ T1-8: xpNeededForLevel(0) тЖТ 50
  тЬУ T1-9: computePowerTier(0) тЖТ 0
  тЬУ T2-1: 9999 тЖТ "9999"
  тЬУ T2-2: 10000 тЖТ "10K"
  тЬУ T2-3: 999999 тЖТ "999K"
  тЬУ T2-4: 1_000_000 тЖТ "1M"
  тЬУ T2-5: 1_234_567 тЖТ "1M"
  тЬУ T2-6: 1_000_000_000 тЖТ "1B"
  тЬУ T2-7: 0 тЖТ "0"
  тЬУ T2-8: NaN тЖТ "0"
  тЬУ T2-9: Infinity тЖТ "0"
  тЬУ T2-10: negative -15000 тЖТ "-15K"
  тЬУ T2-11: formatCompactRu is alias of formatShortNumber

тФАтФА T4: coinsForShot (geometry 2^(level-1) with cap) тФАтФА
  тЬУ T4-1: level=1 тЖТ 1 coin
  тЬУ T4-2: level=2 тЖТ 2 coins
  тЬУ T4-3: level=3 тЖТ 4 coins
  тЬУ T4-4: level=4 тЖТ 8 coins
  тЬУ T4-5: level=5 тЖТ 16 coins
  тЬУ T4-6: level=10 тЖТ 512 coins
  тЬУ T4-7: level=21 тЖТ cap (2^20)
  тЬЧ T4-8: level=30 тЖТ cap (2^20) тАФ assertEqual: expected 9007199254740991, got 536870912
  тЬУ T4-9: level=0 тЖТ 0 (invalid)
  тЬУ T4-10: level=-1 тЖТ 0 (invalid)
  тЬУ T4-11: level=null тЖТ 0 (invalid)
  тЬЧ T4-12: MAX_COIN_PER_SHOT = 2^20 тАФ assertEqual: expected 1048576, got 9007199254740991

тФАтФА T-DA: pickDeathAnim (deterministic death animation) тФАтФА
  тЬУ T-DA-1: both available, rand=0.0 тЖТ personal
  тЬУ T-DA-2: both available, rand=0.69 тЖТ personal
  тЬУ T-DA-3: both available, rand=0.70 тЖТ common (boundary)
  тЬУ T-DA-4: both available, rand=0.99 тЖТ common
  тЬУ T-DA-5: only personal тЖТ personal (any rand)
  тЬУ T-DA-6: only common тЖТ common (any rand)
  тЬУ T-DA-7: neither available тЖТ null
  тЬУ T-DA-8: undefined values also return null
  тЬУ T-DA-9: rand=NaN treated as 0 тЖТ personal (boundary safe)
  тЬУ T-DA-10: rand=-0.1 clamped to 0 тЖТ personal
  тЬУ T-DA-11: rand=1.5 clamped to <1 тЖТ common
  тЬУ T-DA-12: rand=Infinity clamped тЖТ common

тФАтФА T1: syncProgressBlocking & continueFlow тФАтФА
  тЬУ T1-1: generateSyncId returns unique strings
  тЬУ T1-2: getElapsedMs returns 0 for null
  тЬУ T1-3: getElapsedMs returns positive for past timestamp
  тЬУ T1-4: shouldShowOfflineModal false for recent
  тЬУ T1-5: shouldShowOfflineModal true for >5min
  тЬУ T1-6: OFFLINE_THRESHOLD_MS = 5min
  тЬУ T1-7: DEFAULT_TIMEOUT = 5000
  тЬУ T1-8: MAX_RETRIES = 3
  тЬУ T1-9: syncProgressBlocking resolves ok on 200
  тЬУ T1-10: syncWithRetry exists

тФАтФА T1 Async: syncProgressBlocking тФАтФА
  тЬУ T1-async-1: syncProgress success тЖТ status ok
  тЬУ T1-async-2: syncProgress 500 тЖТ error with code 500
  тЬУ T1-async-3: syncProgress network error тЖТ error with message

тФАтФА T6: index.html.txt1 removal тФАтФА
  тЬУ T6-1: index.html does not start with // index.html.txt1
  тЬУ T6-2: index.html does not contain "index.html.txt1" anywhere
  тЬУ T6-3: game.js does not contain "game.js.txt1"
  тЬУ T6-4: index.html starts with <!doctype

тФАтФА T3: .stage fullscreen CSS тФАтФА
  тЬУ T3-1: CSS contains .stage with position:fixed
  тЬУ T3-2: CSS .stage has inset:0
  тЬУ T3-3: CSS .stage has width:100vw and height:100vh
  тЬУ T3-4: resizeCanvas uses window.innerWidth

тФАтФА T5: Settings button position тФАтФА
  тЬУ T5-1: CSS settingsGear has position:fixed
  тЬУ T5-2: CSS settingsGear has left:8px
  тЬУ T5-3: CSS settingsGear has z-index:10000
  тЬУ T5-4: HTML settings button has tabindex="0"

тФАтФА T7: Telemetry тФАтФА
  тЬУ T7-1: Game.Telemetry exists
  тЬУ T7-2: event() increments session counter
  тЬУ T7-3: event() increments lifetime counter
  тЬУ T7-4: gauge() records last value
  тЬУ T7-5: max() records peak value
  тЬУ T7-6: snapshot() returns valid structure
  тЬУ T7-7: reset() clears session but not lifetime
  тЬУ T7-8: JSON.stringify(snapshot()) is valid JSON
  тЬУ T7-9: telemetry.js is included in index.html
  тЬУ T7-10: game.js emits telemetry events

тФАтФА T8: Fence layout / LevelFlow instant rewards тФАтФА
  тЬУ T8-1: fence scale=2 stitches corner/side by bounds and supports negative cornerInsetPx overlap
  тЬУ T8-2: grantXP gives multi-level rewards immediately
  тЬУ T8-3: acceptLevelReward does not double-grant

тФАтФА T9: ground layer deterministic + mapping + stretch coverage тФАтФА
  тЬУ T9-1: procedural getTileAt is deterministic by seed/tile coords
  тЬУ T9-2: getSrcRect maps {col,row} to atlas src rect by tile size
  тЬУ T9-3: anchor=center stable and stretch fully covers viewport

тХРтХРтХРтХРтХРтХРтХРтХРтХРтХРтХРтХРтХРтХРтХРтХРтХРтХРтХРтХРтХРтХРтХРтХРтХРтХРтХРтХРтХРтХРтХРтХР
RESULTS: 83 passed, 2 failed

Failed tests:
  - T4-8: level=30 тЖТ cap (2^20): assertEqual: expected 9007199254740991, got 536870912
  - T4-12: MAX_COIN_PER_SHOT = 2^20: assertEqual: expected 1048576, got 9007199254740991
тХРтХРтХРтХРтХРтХРтХРтХРтХРтХРтХРтХРтХРтХРтХРтХРтХРтХРтХРтХРтХРтХРтХРтХРтХРтХРтХРтХРтХРтХРтХРтХР

FAILED: Unit tests
\n==> Pack 1 (fire logic)

тФАтФА T3: getProjectileCount (multi-barrel) тФАтФА
  тЬУ FL-1: Combat.getProjectileCount exists
  тЬУ FL-2: level 1 тЖТ 1 projectile
  тЬУ FL-3: level 3 тЖТ 1 projectile
  тЬУ FL-4: level 5 тЖТ 1 projectile
  тЬУ FL-5: level 6 тЖТ 2 projectiles
  тЬУ FL-6: level 8 тЖТ 2 projectiles
  тЬУ FL-7: level 10 тЖТ 2 projectiles
  тЬУ FL-8: level 11 тЖТ 3 projectiles
  тЬУ FL-9: level 15 тЖТ 3 projectiles
  тЬУ FL-10: level 30 тЖТ 3 projectiles
  тЬУ FL-11: level 60 тЖТ 3 projectiles
  тЬУ FL-12: level 0 тЖТ 1 (clamped)
  тЬУ FL-13: level -5 тЖТ 1 (clamped)
  тЬУ FL-14: level null тЖТ 1 (fallback)
  тЬУ FL-15: level undefined тЖТ 1 (fallback)
  тЬУ FL-16: level 5.9 тЖТ 1 (floored to 5)
  тЬУ FL-17: level 10.5 тЖТ 2 (floored to 10)

тФАтФА T3: Damage split тФАтФА
  тЬУ FL-18: 1 proj damage == baseDmg
  тЬУ FL-19: 2 proj damage sums to baseDmg
  тЬУ FL-20: 3 proj damage sums to baseDmg

тФАтФА T3: game.js integration тФАтФА
  тЬУ FL-21: game.js uses getProjectileCount
  тЬУ FL-22: game.js has _nextShotId
  тЬУ FL-23: game.js has shotId in spawnProjectile
  тЬУ FL-24: game.js has BARREL_SPREAD constant
  тЬУ FL-25: game.js checks cannonBarrels from tanks.json
  тЬУ FL-26: game.js reads per-tank projectileCount from tank stats
  тЬУ FL-27: sprite loader normalizes optional stats.projectileCount
  тЬУ FL-28: spawnProjectile preserves bulletCfgBase for child visual recompute
  тЬУ FL-29: Arcade runtime resolves the latest unlocked tech tier before child spawn

тХРтХРтХРтХРтХРтХРтХРтХРтХРтХРтХРтХРтХРтХРтХРтХРтХРтХРтХРтХРтХРтХРтХРтХРтХРтХРтХР
FireLogic: 29 passed, 0 failed
тХРтХРтХРтХРтХРтХРтХРтХРтХРтХРтХРтХРтХРтХРтХРтХРтХРтХРтХРтХРтХРтХРтХРтХРтХРтХРтХР

\n==> Pack 1 (merge popup)

тФАтФА T1: MergePopup state machine тФАтФА
  тЬУ MP-1: Game.MergePopup exists
  тЬУ MP-2: init() available
[MergePopup] DOM not initialized
  тЬУ MP-3: show() returns false without DOM
  тЬУ MP-4: hasSeenLevel returns false for unseen
  тЬУ MP-5: resetSeenLevels clears storage
  тЬУ MP-6: exportSeenLevels returns copy
  тЬУ MP-7: _STATE constants defined
  тЬУ MP-8: _MERGE_ANIM_MS is 3000
  тЬУ MP-9: close() from IDLE does nothing
  тЬУ MP-10: getSeenLevels returns object

тХРтХРтХРтХРтХРтХРтХРтХРтХРтХРтХРтХРтХРтХРтХРтХРтХРтХРтХРтХРтХРтХРтХРтХРтХРтХРтХР
MergePopup: 10 passed, 0 failed
тХРтХРтХРтХРтХРтХРтХРтХРтХРтХРтХРтХРтХРтХРтХРтХРтХРтХРтХРтХРтХРтХРтХРтХРтХРтХРтХР

\n==> Pack 1 (new game reset)

тФАтФА T5: New Game reset + talent point rules тФАтФА
  тЬУ T5-1: resetGameState calls MergePopup.resetSeenLevels
  тЬУ T5-2: resetSeenLevels is inside resetGameState block
  тЬУ T5-3: MergePopup module has resetSeenLevels
  тЬУ T5-4: resetSeenLevels removes localStorage key
  тЬУ T5-5: menuNew handler removes progress and calls reset with reason=new_game
  тЬУ T5-6: mergePopup.js has no auto-close setTimeout for popup
  тЬУ T5-7: mergePopup.js references btn-fight and btn-close
  тЬУ T5-8: index.html has btn-fight and btn-close
  тЬУ T5-9: boot path keeps default talentPoints=0
  тЬУ T5-10: new game reset keeps player.talentPoints at 0
  тЬУ T5-11: load path keeps talentPoints from save
  тЬУ T5-12: guaranteed one_big_chip yields working red level-1 chip with 3 unique mods
  тЬУ T5-13: close buttons use unified X skin and font-floor skips all close variants
  тЬУ T5-14: tech acceleration modal has bottom dust row and total summary placeholder
  тЬУ T5-15: workshop reset API and unit fragment dust rendering are present
  тЬУ T5-16: available hangar chips prioritize match-capable entries and keep stable order inside groups

тХРтХРтХРтХРтХРтХРтХРтХРтХРтХРтХРтХРтХРтХРтХРтХРтХРтХРтХРтХРтХРтХРтХРтХРтХРтХРтХР
NewGamePopupReset: 16 passed, 0 failed
тХРтХРтХРтХРтХРтХРтХРтХРтХРтХРтХРтХРтХРтХРтХРтХРтХРтХРтХРтХРтХРтХРтХРтХРтХРтХРтХР

\n==> Pack 2

тФАтФА Pack 2: MergePopup regression тФАтФА
  тЬУ MAR-1: Module loads without error
  тЬУ MAR-2: STATE constants unchanged (IDLE=0,MERGE_ANIM=1,SHOWCASE=2)
  тЬУ MAR-3: MERGE_ANIM_MS is 3000
  тЬУ MAR-4: init() without DOM does not throw
[MergePopup] DOM not initialized
  тЬУ MAR-5: show() returns false without DOM
  тЬУ MAR-6: close() from IDLE is no-op
  тЬУ MAR-7: resetSeenLevels clears all
  тЬУ MAR-8: exportSeenLevels returns independent copy
  тЬУ MAR-9: getSeenLevels returns object
  тЬУ MAR-10: localStorage persistence of seenLevels

тХРтХРтХРтХРтХРтХРтХРтХРтХРтХРтХРтХРтХРтХРтХРтХРтХРтХРтХРтХРтХРтХРтХРтХРтХРтХРтХР
MergeAnimRegression: 10 passed, 0 failed
тХРтХРтХРтХРтХРтХРтХРтХРтХРтХРтХРтХРтХРтХРтХРтХРтХРтХРтХРтХРтХРтХРтХРтХРтХРтХРтХР

\n==> Pack 2 (fire regression)

тФАтФА Pack 2: Fire logic regression тФАтФА
  тЬУ FLR-1: getProjectileCount exists
  тЬУ FLR-2: levels 1-5 тЖТ 1
  тЬУ FLR-3: levels 6-10 тЖТ 2
  тЬУ FLR-4: levels 11-60 тЖТ 3
  тЬУ FLR-5: edge level 0 тЖТ 1
  тЬУ FLR-6: edge level null тЖТ 1
  тЬУ FLR-7: getShootRange returns 315
  тЬУ FLR-8: FIXED_SHOOT_RANGE constant is 315
  тЬУ FLR-9: pickDeathAnim both available, rand < 0.7 тЖТ personal
  тЬУ FLR-10: pickDeathAnim both available, rand >= 0.7 тЖТ common
  тЬУ FLR-11: pickDeathAnim only personal тЖТ personal
  тЬУ FLR-12: pickDeathAnim only common тЖТ common
  тЬУ FLR-13: pickDeathAnim both null тЖТ null
  тЬУ FLR-14: pickDeathAnim boundary rand=0.7 тЖТ common
  тЬУ FLR-15: pickDeathAnim rand=0.0 тЖТ personal
  тЬУ FLR-16: damage split sums to base for all projectile counts
  тЬУ FLR-17: tanks.json documents optional stats.projectileCount contract

тХРтХРтХРтХРтХРтХРтХРтХРтХРтХРтХРтХРтХРтХРтХРтХРтХРтХРтХРтХРтХРтХРтХРтХРтХРтХРтХР
FireLogicRegression: 17 passed, 0 failed
тХРтХРтХРтХРтХРтХРтХРтХРтХРтХРтХРтХРтХРтХРтХРтХРтХРтХРтХРтХРтХРтХРтХРтХРтХРтХРтХР

\n==> Pack 2 (telemetry)

тФАтФА Pack 2: TelemetryLogger тФАтФА
  тЬУ TEL-1: TelemetryLogger exists
  тЬУ TEL-2: log() records entry
  тЬУ TEL-3: log() adds timestamp
  тЬУ TEL-4: setLesson tags entries
  тЬУ TEL-5: clear() empties entries and storage
  тЬУ TEL-6: export as JSON
  тЬУ TEL-7: export as CSV
  тЬУ TEL-8: CSV escaping of commas and quotes
  тЬУ TEL-9: CSV escaping of newlines
  тЬУ TEL-10: CSV no escaping needed
  тЬУ TEL-11: rotation at MAX_ENTRIES
  тЬУ TEL-12: empty event name is ignored
  тЬУ TEL-13: getEntries returns independent copy

тФАтФА Pack 2: AnkiExport тФАтФА
  тЬУ ANKI-1: AnkiExport exists
  тЬУ ANKI-2: generate CSV produces tab-separated lines
  тЬУ ANKI-3: generate JSON is valid
  тЬУ ANKI-4: buildCards from LessonProgress
  тЬУ ANKI-5: buildCards from telemetry
  тЬУ ANKI-6: CSV escaping in AnkiExport
  тЬУ ANKI-7: empty telemetry produces empty or minimal output
  тЬУ ANKI-8: hookUI does not throw without DOM

тФАтФА Pack 2: LessonProgress тФАтФА
  тЬУ LP-1: LessonProgress exists
  тЬУ LP-2: load() initializes default lessons
  тЬУ LP-3: updateLesson sets score
  тЬУ LP-4: completeLesson marks completed
  тЬУ LP-5: updateLesson creates new lesson if not found
  тЬУ LP-6: resetAll restores defaults
  тЬУ LP-7: getLessons returns independent copy
  тЬУ LP-8: save/load persistence roundtrip
  тЬУ LP-9: init without DOM does not throw

тХРтХРтХРтХРтХРтХРтХРтХРтХРтХРтХРтХРтХРтХРтХРтХРтХРтХРтХРтХРтХРтХРтХРтХРтХРтХРтХР
TelemetryExport: 30 passed, 0 failed
тХРтХРтХРтХРтХРтХРтХРтХРтХРтХРтХРтХРтХРтХРтХРтХРтХРтХРтХРтХРтХРтХРтХРтХРтХРтХРтХР

\n==> Pack 3 (catalog)

тФАтФА Pack 3: Lesson Catalog тФАтФА
  тЬУ CAT-1: LessonCatalog exists
  тЬУ CAT-2: listLessons returns entries
  тЬУ CAT-3: getLessonById finds a known lesson

тХРтХРтХРтХРтХРтХРтХРтХРтХРтХРтХРтХРтХРтХРтХРтХРтХРтХРтХРтХРтХРтХРтХРтХРтХРтХРтХР
Catalog: 3 passed, 0 failed
тХРтХРтХРтХРтХРтХРтХРтХРтХРтХРтХРтХРтХРтХРтХРтХРтХРтХРтХРтХРтХРтХРтХРтХРтХРтХРтХР

\n==> Pack 3 (SRS)

тФАтФА Pack 3: SRS Scheduler тФАтФА
  тЬУ SRS-1: SRS exists
  тЬУ SRS-2: recordReview sets interval for first review
  тЬУ SRS-3: second review sets interval to 6
  тЬУ SRS-4: failed review resets reps
  тЬУ SRS-5: scheduleNow marks due immediately
  тЬУ SRS-6: export/import roundtrip

тХРтХРтХРтХРтХРтХРтХРтХРтХРтХРтХРтХРтХРтХРтХРтХРтХРтХРтХРтХРтХРтХРтХРтХРтХРтХРтХР
SRS: 6 passed, 0 failed
тХРтХРтХРтХРтХРтХРтХРтХРтХРтХРтХРтХРтХРтХРтХРтХРтХРтХРтХРтХРтХРтХРтХРтХРтХРтХРтХР

\n==> Pack 3 (Anki importer)

тФАтФА Pack 3: Anki Importer тФАтФА
  тЬУ ANKI-1: Importer exists
  тЬУ ANKI-2: generateImport CSV has 4 columns
  тЬУ ANKI-3: preview JSON is valid

тХРтХРтХРтХРтХРтХРтХРтХРтХРтХРтХРтХРтХРтХРтХРтХРтХРтХРтХРтХРтХРтХРтХРтХРтХРтХРтХР
Anki Importer: 3 passed, 0 failed
тХРтХРтХРтХРтХРтХРтХРтХРтХРтХРтХРтХРтХРтХРтХРтХРтХРтХРтХРтХРтХРтХРтХРтХРтХРтХРтХР

\n==> Pack 3 (zombie spawn alive-only)

тФАтФА Pack 3: Zombie spawn alive-only тФАтФА
  тЬУ ZSA-1: ensureZombieCount exists
  тЬУ ZSA-2: ensureZombieCount uses BAL.zombieCountTarget
  тЬУ ZSA-3: ensureZombieCount does not use state.zombies.length
  тЬУ ZSA-4: ensureZombieCount does not truncate zombies array
  тЬУ ZSA-5: ensureZombieCount spawns by aliveCount
  тЬУ ZSA-6: dying zombies are skipped in slot loops

тХРтХРтХРтХРтХРтХРтХРтХРтХРтХРтХРтХРтХРтХРтХРтХРтХРтХРтХРтХРтХРтХР
ZombieSpawnAliveOnly: 6 passed, 0 failed


\n==> Pack 4 (calendar)

тФАтФА Pack 4: Calendar UI тФАтФА
  тЬУ CAL-1: CalendarUI exists
  тЬУ CAL-2: buildModel groups items by day
  тЬУ CAL-3: label shows Today for same day

тХРтХРтХРтХРтХРтХРтХРтХРтХРтХРтХРтХРтХРтХРтХРтХРтХРтХРтХРтХРтХРтХРтХРтХРтХРтХРтХР
Calendar: 3 passed, 0 failed
тХРтХРтХРтХРтХРтХРтХРтХРтХРтХРтХРтХРтХРтХРтХРтХРтХРтХРтХРтХРтХРтХРтХРтХРтХРтХРтХР

\n==> Pack 4 (profiler)

тФАтФА Pack 4: Profiler тФАтФА
  тЬУ PROF-1: Profiler exists
  тЬЧ PROF-2: start/end records stats тАФ Assertion failed: loop stats
  тЬЧ PROF-3: measure returns fn result тАФ Cannot read properties of undefined (reading 'count')
  тЬЧ PROF-4: stress multiple samples тАФ Cannot read properties of undefined (reading 'count')

тХРтХРтХРтХРтХРтХРтХРтХРтХРтХРтХРтХРтХРтХРтХРтХРтХРтХРтХРтХРтХРтХРтХРтХРтХРтХРтХР
Profiler: 1 passed, 3 failed
  - PROF-2: start/end records stats: Assertion failed: loop stats
  - PROF-3: measure returns fn result: Cannot read properties of undefined (reading 'count')
  - PROF-4: stress multiple samples: Cannot read properties of undefined (reading 'count')
тХРтХРтХРтХРтХРтХРтХРтХРтХРтХРтХРтХРтХРтХРтХРтХРтХРтХРтХРтХРтХРтХРтХРтХРтХРтХРтХР

FAILED: Pack 4 (profiler)
\n==> Pack 5 (perf regression)

тФАтФА Pack 5: Perf regression (ObjectPool) тФАтФА
  тЬУ P5-POOL-1: ObjectPool exists
  тЬУ P5-POOL-2: acquire/release reuses objects
  тЬУ P5-POOL-3: pool caps size
  тЬУ P5-POOL-4: stats track totalCreated

тХРтХРтХРтХРтХРтХРтХРтХРтХРтХРтХРтХРтХРтХРтХРтХРтХРтХРтХРтХРтХРтХРтХРтХРтХРтХРтХР
PerfRegression: 4 passed, 0 failed
тХРтХРтХРтХРтХРтХРтХРтХРтХРтХРтХРтХРтХРтХРтХРтХРтХРтХРтХРтХРтХРтХРтХРтХРтХРтХРтХР

\n==> Pack 5 (CI guard: Pack 3 included)
PASSED: ci/run_tests.sh includes Test/pack3/zombieSpawnAliveOnly.test.js
\n==> Pack 6 (zombie road visuals removed)

тФАтФА Pack 6: Zombie road/path visuals removed тФАтФА
  тЬУ ZRV-1: no zombie path/road/waypoint/track canvas drawing remains

тХРтХРтХРтХРтХРтХРтХРтХРтХРтХРтХРтХРтХРтХРтХРтХРтХРтХРтХР
ZombieRoadVisualsRemoved: 1 passed, 0 failed
тХРтХРтХРтХРтХРтХРтХРтХРтХРтХРтХРтХРтХРтХРтХРтХРтХРтХРтХР

\n==> Pack 7 (adminFlags visibility)

тФАтФА Pack 7: AdminFlags visibility тФАтФА
  тЬУ AF-1: devOnly false in prod host
  тЬУ AF-2: devOnly true on localhost

тХРтХРтХРтХРтХРтХРтХРтХРтХРтХРтХРтХРтХРтХРтХРтХРтХРтХРтХРтХРтХРтХРтХРтХРтХРтХРтХР
AdminFlags visibility: 2 passed, 0 failed
тХРтХРтХРтХРтХРтХРтХРтХРтХРтХРтХРтХРтХРтХРтХРтХРтХРтХРтХРтХРтХРтХРтХРтХРтХРтХРтХР

\n==> Pack 7 (adminDamagePoints visibility)

тФАтФА Pack 7: AdminDamagePoints visibility тФАтФА
  тЬУ ADP-1: shown on prod host when debug=1
  тЬУ ADP-2: shown on localhost and controls update value with clamp

тХРтХРтХРтХРтХРтХРтХРтХРтХРтХРтХРтХРтХРтХРтХРтХРтХРтХРтХРтХРтХРтХРтХРтХРтХРтХРтХР
AdminDamagePoints visibility: 2 passed, 0 failed
тХРтХРтХРтХРтХРтХРтХРтХРтХРтХРтХРтХРтХРтХРтХРтХРтХРтХРтХРтХРтХРтХРтХРтХРтХРтХРтХР

\n==> Pack 7 (release integrity)

тФАтФА Pack 7: Release integrity script тФАтФА
  тЬУ RI-1: check_release_integrity.sh exists
  тЬУ RI-2: build_release.sh invokes integrity check
  тЬУ RI-3: integrity script checks required files

тХРтХРтХРтХРтХРтХРтХРтХРтХРтХРтХРтХРтХРтХРтХРтХРтХРтХРтХРтХРтХРтХРтХРтХРтХРтХРтХР
Release integrity: 3 passed, 0 failed
тХРтХРтХРтХРтХРтХРтХРтХРтХРтХРтХРтХРтХРтХРтХРтХРтХРтХРтХРтХРтХРтХРтХРтХРтХРтХРтХР

\n==> Pack 7 (analytics aggregation)

тФАтФА Pack 7: Analytics aggregation тФАтФА
  тЬУ AN-1: event counts tracked
  тЬУ AN-2: lesson counts tracked
  тЬУ AN-3: value aggregation works
  тЬУ AN-4: export csv includes event row

тХРтХРтХРтХРтХРтХРтХРтХРтХРтХРтХРтХРтХРтХРтХРтХРтХРтХРтХРтХРтХРтХРтХРтХРтХРтХРтХР
Analytics aggregation: 4 passed, 0 failed
тХРтХРтХРтХРтХРтХРтХРтХРтХРтХРтХРтХРтХРтХРтХРтХРтХРтХРтХРтХРтХРтХРтХРтХРтХРтХРтХР

\n==> Pack 7 (fence square geometry)

тФАтФА Pack 7: Fence square geometry тФАтФА
  тЬУ FSG-1: zombieFenceLimit uses square distance

тХРтХРтХРтХРтХРтХРтХРтХРтХРтХРтХРтХРтХРтХРтХРтХРтХРтХРтХРтХРтХРтХРтХРтХРтХРтХРтХР
FenceSquareGeometry: 1 passed, 0 failed
тХРтХРтХРтХРтХРтХРтХРтХРтХРтХРтХРтХРтХРтХРтХРтХРтХРтХРтХРтХРтХРтХРтХРтХРтХРтХРтХР

\n==> Pack 7 (fence corner slots)

тФАтФА Pack 7: Fence corner slots тФАтФА
  тЬУ FCS-1: buildSquareFenceSegments defines 4 corners and sides
  тЬУ FCS-2: negative cornerInsetPx creates overlap and updates corner AABB position
  тЬУ FCS-3: narrow viewport increases corner-side overlap proportionally below 1400px

тХРтХРтХРтХРтХРтХРтХРтХРтХРтХРтХРтХРтХРтХРтХРтХРтХРтХРтХРтХРтХРтХРтХРтХРтХРтХРтХР
FenceCornerSlots: 3 passed, 0 failed
тХРтХРтХРтХРтХРтХРтХРтХРтХРтХРтХРтХРтХРтХРтХРтХРтХРтХРтХРтХРтХРтХРтХРтХРтХРтХРтХР

\n==> Pack 7 (fence asset keys)

тФАтФА Pack 7: Fence assets corner/side keys тФАтФА
  тЬУ FAK-1: fence.json has corner + side sprite keys

тХРтХРтХРтХРтХРтХРтХРтХРтХРтХРтХРтХРтХРтХРтХРтХРтХРтХРтХРтХРтХРтХРтХРтХРтХРтХРтХР
FenceAssetsCornersSides: 1 passed, 0 failed
тХРтХРтХРтХРтХРтХРтХРтХРтХРтХРтХРтХРтХРтХРтХРтХРтХРтХРтХРтХРтХРтХРтХРтХРтХРтХРтХР

\n==> Pack 8 (talents v1->v2 migration)

тФАтФА Pack 8: Talents v1 -> v2 migration тФАтФА
[TalentsV2] migrate v1->v2 { spentV1: 11, spentV2: 5, refund: 4, freePoints: 4 }
  тЬУ P8-M1: legacy save without talentsVersion migrates and sets version=2
[TalentsV2] migrate v1->v2 { spentV1: 3, spentV2: 0, refund: 3, freePoints: 4 }
  тЬУ P8-M2: unknown legacy named talents do not crash and are refunded
[TalentsV2] migrate v1->v2 { spentV1: 1, spentV2: 3, refund: 0, freePoints: 0 }
  тЬУ P8-M3: ensureMinRank for "╨Я╤А╨╡╨╝╨╕╤П ╨╖╨░ ╤Г╨▒╨╕╨╣╤Б╤В╨▓╨╛" gives rank >= 3
  тЬУ P8-M4: migration is idempotent when talentsVersion=2
[TalentsV2] migrate v1->v2 { spentV1: 1, spentV2: 1, refund: 0, freePoints: 0 }
  тЬУ P8-M5: fail-soft rank parsing uses rank=1 when name exists and rank invalid

тХРтХРтХРтХРтХРтХРтХРтХРтХРтХРтХРтХРтХРтХРтХРтХРтХРтХРтХРтХРтХРтХРтХРтХРтХРтХРтХР
Pack8 TalentsMigration: 5 passed, 0 failed
тХРтХРтХРтХРтХРтХРтХРтХРтХРтХРтХРтХРтХРтХРтХРтХРтХРтХРтХРтХРтХРтХРтХРтХРтХРтХРтХР

\n==> Pack 8 (offline progress)

тФАтФА Pack 8: Offline rewards тФАтФА
  тЬУ P8-1: only on-track tanks count for rewards
  тЬУ P8-2: elapsed is capped and outputs are non-negative ints
  тЬУ P8-3: no on-track tanks yields zero rewards

тХРтХРтХРтХРтХРтХРтХРтХРтХРтХРтХРтХРтХРтХРтХРтХРтХРтХРтХРтХРтХРтХРтХРтХРтХРтХРтХР
Pack8 OfflineRewards: 3 passed, 0 failed
тХРтХРтХРтХРтХРтХРтХРтХРтХРтХРтХРтХРтХРтХРтХРтХРтХРтХРтХРтХРтХРтХРтХРтХРтХРтХРтХР

\n==> Pack 8 (chip effect visual toggle)

тФАтФА Pack 8: Chip effect visual toggle тФАтФА
  тЬУ CFX-1: effect.enabled=false disables only code visual overlay while acid gameplay and effectSprite stay active
  тЬУ CFX-2: effect.enabled=true keeps lingering acid visuals available
  тЬУ CFX-3: chain children keep lingering carryover and remaining cascade queue
  тЬУ CFX-4: matryoshka children keep lingering carryover and pending cascade modifiers
  тЬУ CFX-5: Arcade secondary no longer overrides level-0 multishot
  тЬУ CFX-6: Arcade as main modifier is deferred before secondary cascade modifiers
  тЬУ CFX-7: Arcade main preserves random-mod context before secondary cascade on child shots
  тЬУ CFX-8: Arcade combo resolves directly into combo burst instead of accumulator shots
  тЬУ CFX-9: merged bullet cfg prefers resolved arcade modifier visuals over Arcade Chaos atlas
  тЬУ CFX-10: Arcade resolves the latest unlocked technology tier before spawning child shots
  тЬУ CFX-11: calming tiers use 0.5 / 0.75 / 1.0 second suppression windows
  тЬУ CFX-12: calming counts successful debuffs per zombie and grants 30-second immunity after 10 hits
  тЬУ CFX-13: calming hits do not stack or refresh while the zombie is already suppressed
  тЬУ CFX-14: calming stays blocked after calmUntil ends until the zombie lands its next attack
  тЬУ CFX-15: calming does not suppress zombies that are only walking and not attacking yet

тХРтХРтХРтХРтХРтХРтХРтХРтХРтХРтХРтХРтХРтХРтХРтХРтХРтХРтХРтХРтХРтХРтХРтХРтХРтХРтХР
ChipEffectVisualToggle: 15 passed, 0 failed
тХРтХРтХРтХРтХРтХРтХРтХРтХРтХРтХРтХРтХРтХРтХРтХРтХРтХРтХРтХРтХРтХРтХРтХРтХРтХРтХР

\n==> Pack 8 (balance tool parity)

тФАтФА Pack 8: Balance Lab parity тФАтФА
  тЬУ BLP-1: shared runtime constants stay aligned with game.js BAL block
  тЬУ BLP-2: shared tank stats follow the runtime shot-damage contract for level 10
  тЬУ BLP-2b: shared tank fire rate follows tanks.json attackSpeed instead of legacy BAL curve
  тЬУ BLP-3: shared zombie stats use explicit Health from assets when it exists
  тЬУ BLP-4: shared fence repair cost matches Game.FenceRepair for level 4 and two prior repairs
  тЬУ BLP-5: shared coinsForShot parity matches Game.Economy base formula
  тЬУ BLP-6: absolute desiredTtk goals stay stable even when source metrics drift

тХРтХРтХРтХРтХРтХРтХРтХРтХРтХРтХРтХРтХРтХРтХРтХРтХРтХРтХРтХРтХРтХРтХРтХРтХРтХРтХР
BalanceLabParity: 7 passed, 0 failed
тХРтХРтХРтХРтХРтХРтХРтХРтХРтХРтХРтХРтХРтХРтХРтХРтХРтХРтХРтХРтХРтХРтХРтХРтХРтХРтХР

\n==> Pack 8 (balance optimizer locks)

тФАтФА Pack 8: Balance Lab optimizer locks тФАтФА
  тЬУ BOL-1: registry exposes required locked world-events surfaces
  тЬУ BOL-2: optimizer ignores forced locked tunables even if they are marked enabled
  тЬУ BOL-3: unchecked tunables remain unchanged when only zombie hpMul is eligible for optimization
  тЬУ BOL-4: locked runtime BAL constants are excluded from game.js source patching
  тЬУ BOL-5: absolute tunables read the live working-copy value instead of stale tunable snapshot
  тЬУ BOL-6: optimizer respects user-edited direction bias when choosing extreme candidates
  тЬУ BOL-7: optimizer explanations stay specific for Russian registry groups
  тЬУ BOL-9: goal tuning presets reshape default goals before expert-table overrides
  тЬУ BOL-10: optimizer can repair catastrophic top-band tank damage collapse with the band-wide series surface
  тЬУ BOL-11: optimizer can repair catastrophic manual top-band zombie explicit Health outlier
  тЬЧ BOL-12: anchor tank surface can normalize a catastrophic level-60 damage spike without scaling the whole band тАФ Assertion failed: anchor surface should bring level-60 tank damage back to a sane numeric range
  тЬУ BOL-13: anchor zombie Health surface can normalize a catastrophic level-60 spike without touching neighboring levels
  тЬУ BOL-14: low-band anchor surfaces keep tank and zombie seams monotonic
  тЬУ BOL-15: banded optimizer covers multiple ranges and still improves extreme TTK goals
  тЬУ BOL-16: base-only scenario selection avoids surrogate-profile conflicts for desired TTK auto-mode
  тЬУ BOL-8: balance-sim --json mode returns clean parseable JSON for matrix and optimizer

тХРтХРтХРтХРтХРтХРтХРтХРтХРтХРтХРтХРтХРтХРтХРтХРтХРтХРтХРтХРтХРтХРтХРтХРтХРтХРтХР
BalanceOptimizerLocks: 15 passed, 1 failed
  - BOL-12: anchor tank surface can normalize a catastrophic level-60 damage spike without scaling the whole band: Assertion failed: anchor surface should bring level-60 tank damage back to a sane numeric range
тХРтХРтХРтХРтХРтХРтХРтХРтХРтХРтХРтХРтХРтХРтХРтХРтХРтХРтХРтХРтХРтХРтХРтХРтХРтХРтХР

FAILED: Pack 8 (balance optimizer locks)
\n==> Pack 8 (balance curve repair)

тФАтФА Pack 8: Balance curve repair тФАтФА
  тЬУ BCR-1: tank baseDamage is strictly increasing across all 60 levels
  тЬУ BCR-2: zombie explicit Health is strictly increasing across all 60 levels
  тЬЧ BCR-3: repaired single-target TTK tracks the balanced goal for standard levels тАФ balanced target TTK at level 2: expected 5 ┬▒ 0.05, got 1.018888466634484

тХРтХРтХРтХРтХРтХРтХРтХРтХРтХРтХРтХРтХРтХРтХРтХРтХРтХРтХРтХРтХРтХРтХРтХРтХРтХРтХР
BalanceCurveRepair: 2 passed, 1 failed
  - BCR-3: repaired single-target TTK tracks the balanced goal for standard levels: balanced target TTK at level 2: expected 5 ┬▒ 0.05, got 1.018888466634484
тХРтХРтХРтХРтХРтХРтХРтХРтХРтХРтХРтХРтХРтХРтХРтХРтХРтХРтХРтХРтХРтХРтХРтХРтХРтХРтХР

FAILED: Pack 8 (balance curve repair)
\n==> Pack 8 (zombie fail-safe teleport)

тФАтФА Pack 8: Zombie fail-safe teleport тФАтФА
  тЬУ ZFT-1: teleport does not trigger before the 20-second timeout
  тЬУ ZFT-2: teleport moves a decor-stuck zombie near the fence but keeps it outside by 20-30 px
  тЬУ ZFT-3: moving more than 5 px near decor resets the stuck timer instead of teleporting
  тЬУ ZFT-4: stall without nearby decor never arms the teleport fail-safe
  тЬУ ZFT-5: blocked straight-line teleport rotates away from decor wall

тХРтХРтХРтХРтХРтХРтХРтХРтХРтХРтХРтХРтХРтХРтХРтХРтХРтХРтХРтХРтХРтХРтХРтХРтХРтХРтХР
ZombieFailSafeTeleport: 5 passed, 0 failed
тХРтХРтХРтХРтХРтХРтХРтХРтХРтХРтХРтХРтХРтХРтХРтХРтХРтХРтХРтХРтХРтХРтХРтХРтХРтХРтХР

\n==> Pack 9 (offline modal UI/i18n)

тФАтФА Pack 9: Offline modal UI/i18n тФАтФА
  тЬУ OM-1: resolveT prefers global t
  тЬУ OM-2: resolveT uses Game.I18n.t when global t missing
  тЬУ OM-3: resolveT uses Game.t when others missing
  тЬУ OM-4: fallback strings and formatter used when no i18n
  тЬУ OM-5: close button closes without rewards; overlay click blocks
  тЬУ OM-6: accumulated block is centered and claim button is at bottom

тХРтХРтХРтХРтХРтХРтХРтХРтХРтХРтХРтХРтХРтХРтХРтХРтХРтХРтХРтХРтХРтХРтХРтХРтХРтХРтХР
OfflineModal UI/i18n: 6 passed, 0 failed
тХРтХРтХРтХРтХРтХРтХРтХРтХРтХРтХРтХРтХРтХРтХРтХРтХРтХРтХРтХРтХРтХРтХРтХРтХРтХРтХР

\nSome tests failed.
